Building
============================

$ cmake YOUR_PATH_TO/rtcpp/src \
        -DCMAKE_CXX_FLAGS="-Wall -Wextra -Werror -std=c++17" \
        -DCMAKE_BUILD_TYPE=Debug \
        -DCMAKE_EXE_LINKER_FLAGS="-pthread"
$ make
$ make test

If you are on windows and there is no "make" so you can use

$ cmake --build . # Build all targets
$ cmake --build . --target foo # Build a specific target.

To generate the dependency graph:

$ cmake --graphviz=foo.graph ${RTCPP_SOURCE}
$ dot -Tpng foo.graph.foo > fig.png 

I have tested this software with GCC 4.7, 5.0 and 6.0, Clang 3.4
and 3.8 (libstd++) and VS2015. Please let me know if you failed
to build this project.

